[0/1] Planning build
[1/1] Compiling plugin GenerateManual
[2/2] Compiling plugin GenerateDoccReference
Building for production...
[2/5] Write swift-version--58304C5D6DBC2206.txt
Build complete! (2.86s)
/Users/xbjt/Documents/myself/noto/build/Noto.app: replacing existing signature
/Users/xbjt/Documents/myself/noto/build/Noto.app
created: /Users/xbjt/Documents/myself/noto/dist/Noto-0.1.0-macOS-arm64-unnotarized.dmg
正在检查“Protective Master Boot Record（MBR：0）”的校验和…
Protective Master Boot Record（MBR：0）：已验证CRC32 $A484176A
正在检查“GPT Header（Primary GPT Header：1）”的校验和…
    GPT Header（Primary GPT Header：1）：已验证CRC32 $4872F544
正在检查“GPT Partition Data（Primary GPT Table：2）”的校验和…
GPT Partition Data（Primary GPT Table：已验证CRC32 $078A6E56
正在检查“（Apple_Free：3）”的校验和…
                      （Apple_Free：3）：已验证CRC32 $00000000
正在检查“disk image（Apple_APFS：4）”的校验和…
            disk image（Apple_APFS：4）：已验证CRC32 $3F85F65E
正在检查“（Apple_Free：5）”的校验和…
                      （Apple_Free：5）：已验证CRC32 $00000000
正在检查“GPT Partition Data（Backup GPT Table：6）”的校验和…
GPT Partition Data（Backup GPT Table：：已验证CRC32 $078A6E56
正在检查“GPT Header（Backup GPT Header：7）”的校验和…
     GPT Header（Backup GPT Header：7）：已验证CRC32 $66C3E52A
已验证CRC32 $F2CD7914
hdiutil: verify: checksum of "/Users/xbjt/Documents/myself/noto/dist/Noto-0.1.0-macOS-arm64-unnotarized.dmg" is VALID
/Users/xbjt/Documents/myself/noto/dist/Noto-0.1.0-macOS-arm64-unnotarized.dmg
